##fileformat=VCFv4.1
##fileDate=20261002
##source=MACS_V3.0.5
##Program_Args=callvar -b peaks.bed -t reads.bam -o uv/out.vcf -Q 20 -D 1 --max-ar 0.95 --top2alleles-mratio 0.8 --top2allele-count 2 -g 0 -G 0  --fermi auto --fermi-overlap 30
##INFO=<ID=M,Number=.,Type=String,Description="MACS Model with minimum BIC value">
##INFO=<ID=MT,Number=.,Type=String,Description="Mutation type: SNV/Insertion/Deletion">
##INFO=<ID=DPT,Number=1,Type=Integer,Description="Depth Treatment: Read depth in ChIP-seq data">
##INFO=<ID=DPC,Number=1,Type=Integer,Description="Depth Control: Read depth in control data">
##INFO=<ID=DP1T,Number=.,Type=String,Description="Read depth of top1 allele in ChIP-seq data">
##INFO=<ID=DP2T,Number=.,Type=String,Description="Read depth of top2 allele in ChIP-seq data">
##INFO=<ID=DP1C,Number=.,Type=String,Description="Read depth of top1 allele in control data">
##INFO=<ID=DP2C,Number=.,Type=String,Description="Read depth of top2 allele in control data">
##INFO=<ID=DBIC,Number=.,Type=Float,Description="Difference of BIC of selected model vs second best alternative model">
##INFO=<ID=BICHOMOMAJOR,Number=1,Type=Integer,Description="BIC of homozygous with major allele model">
##INFO=<ID=BICHOMOMINOR,Number=1,Type=Integer,Description="BIC of homozygous with minor allele model">
##INFO=<ID=BICHETERNOAS,Number=1,Type=Integer,Description="BIC of heterozygous with no allele-specific model">
##INFO=<ID=BICHETERAS,Number=1,Type=Integer,Description="BIC of heterozygous with allele-specific model">
##INFO=<ID=AR,Number=1,Type=Float,Description="Estimated allele ratio of heterozygous with allele-specific model">
##FORMAT=<ID=GT,Number=1,Type=String,Description="Genotype">
##FORMAT=<ID=DP,Number=1,Type=Integer,Description="Read depth after filtering bad reads">
##FORMAT=<ID=GQ,Number=1,Type=Integer,Description="Genotype Quality score">
##FORMAT=<ID=PL,Number=3,Type=Integer,Description="Normalized, Phred-scaled genotype likelihoods for 00, 01, 11 genotype">
##contig=<ID=chr1,length=20000,assembly=NA>
##contig=<ID=chr2,length=8000,assembly=NA>
#CHROM	POS	ID	REF	ALT	QUAL	FILTER	INFO	FORMAT	SAMPLE
